-------
bits0=16645
bpbp=1
bpbp=3
bpbp=2
bpbp=2
bpbp=2
bpbp=2
bpbp=2
bpbp=2
bpbp=2
bpbp=2
bpbp=2
bpbp=2
bpbp=2
bpbp=2
bpbp=2
bpbp=2
bpbp=2
bpbp=2
bpbp=2
bpbp=2
bpbp=2
bpbp=2
bpbp=2
bpbp=4
bpbp=3
bpbp=3
bpbp=3
bpbp=3
bpbp=3
bpbp=3
bpbp=3
bpbp=3
bpbp=3
bpbp=3
bpbp=3
bpbp=3
bpbp=3
bpbp=3
bpbp=5
bpbp=4
bpbp=4
bpbp=4
bpbp=4
bpbp=4
bpbp=4
bpbp=4
bpbp=4
bpbp=4
bpbp=4
bpbp=4
bpbp=4
bpbp=4
bpbp=4
bpbp=4
bpbp=4
bpbp=4
bpbp=4
bpbp=4
bpbp=4
bpbp=4
bpbp=4
bpbp=4
-------
bits0=16645
bpbp=1
bpbp=3
bpbp=2
bpbp=2
bpbp=2
bpbp=2
bpbp=2
bpbp=2
bpbp=2
bpbp=2
bpbp=2
bpbp=2
bpbp=2
bpbp=2
bpbp=2
bpbp=2
bpbp=2
bpbp=2
bpbp=2
bpbp=2
bpbp=2
bpbp=2
bpbp=2
bpbp=4
bpbp=3
bpbp=3
bpbp=3
bpbp=3
bpbp=3
bpbp=3
bpbp=3
bpbp=3
bpbp=3
bpbp=3
bpbp=3
bpbp=3
bpbp=3
bpbp=3
bpbp=3
bpbp=4
bpbp=4
bpbp=4
bpbp=4
bpbp=4
bpbp=4
bpbp=4
bpbp=4
bpbp=4
bpbp=4
bpbp=4
bpbp=4
bpbp=4
bpbp=4
bpbp=4
bpbp=4
bpbp=4
bpbp=4
bpbp=4
bpbp=4
bpbp=4
bpbp=4
bpbp=4
-------
bits0=16645
bpbp=1
bpbp=3
bpbp=2
bpbp=2
bpbp=2
bpbp=2
bpbp=2
bpbp=2
bpbp=2
bpbp=2
bpbp=2
bpbp=2
bpbp=2
bpbp=2
bpbp=2
bpbp=2
bpbp=2
bpbp=2
bpbp=2
bpbp=2
bpbp=2
bpbp=2
bpbp=2
bpbp=4
bpbp=3
bpbp=3
bpbp=3
bpbp=3
bpbp=3
bpbp=3
bpbp=3
bpbp=3
bpbp=3
bpbp=3
bpbp=3
bpbp=3
bpbp=3
bpbp=3
bpbp=3
bpbp=3
bpbp=5
bpbp=4
bpbp=4
bpbp=4
bpbp=4
bpbp=4
bpbp=4
bpbp=4
bpbp=4
bpbp=4
bpbp=4
bpbp=4
bpbp=4
bpbp=4
bpbp=4
bpbp=4
bpbp=4
bpbp=4
bpbp=4
bpbp=4
bpbp=4
bpbp=4
-------
bits0=16645
bpbp=1
bpbp=3
bpbp=2
bpbp=2
bpbp=2
bpbp=2
bpbp=2
bpbp=2
bpbp=2
bpbp=2
bpbp=2
bpbp=2
bpbp=2
bpbp=2
bpbp=2
bpbp=2
bpbp=2
bpbp=2
bpbp=2
bpbp=2
bpbp=2
bpbp=2
bpbp=2
bpbp=4
bpbp=3
bpbp=3
bpbp=3
bpbp=3
bpbp=3
bpbp=3
bpbp=3
bpbp=3
bpbp=3
bpbp=3
bpbp=3
bpbp=3
bpbp=3
bpbp=3
bpbp=4
bpbp=4
bpbp=4
bpbp=4
bpbp=4
bpbp=4
bpbp=4
bpbp=4
bpbp=4
bpbp=4
bpbp=4
bpbp=4
bpbp=4
bpbp=4
bpbp=4
bpbp=4
bpbp=4
bpbp=4
bpbp=4
bpbp=4
bpbp=4
bpbp=4
bpbp=4
bpbp=4
-------
bits0=16645
bpbp=1
bpbp=3
bpbp=2
bpbp=2
bpbp=2
bpbp=2
bpbp=2
bpbp=2
bpbp=2
bpbp=2
bpbp=2
bpbp=2
bpbp=2
bpbp=2
bpbp=2
bpbp=2
bpbp=2
bpbp=2
bpbp=2
bpbp=2
bpbp=2
bpbp=2
bpbp=2
bpbp=4
bpbp=3
bpbp=3
bpbp=3
bpbp=3
bpbp=3
bpbp=3
bpbp=3
bpbp=3
bpbp=3
bpbp=3
bpbp=3
bpbp=3
bpbp=3
bpbp=5
bpbp=4
bpbp=4
bpbp=4
bpbp=4
bpbp=4
bpbp=4
bpbp=4
bpbp=4
bpbp=4
bpbp=4
bpbp=4
bpbp=4
bpbp=4
bpbp=4
bpbp=4
bpbp=4
bpbp=4
bpbp=4
bpbp=4
bpbp=4
bpbp=4
bpbp=4
bpbp=4
bpbp=4
-------
bits0=16645
bpbp=1
bpbp=3
bpbp=2
bpbp=2
bpbp=2
bpbp=2
bpbp=2
bpbp=2
bpbp=2
bpbp=2
bpbp=2
bpbp=2
bpbp=2
bpbp=2
bpbp=2
bpbp=2
bpbp=2
bpbp=2
bpbp=2
bpbp=2
bpbp=2
bpbp=2
bpbp=2
bpbp=4
bpbp=3
bpbp=3
bpbp=3
bpbp=3
bpbp=3
bpbp=3
bpbp=3
bpbp=3
bpbp=3
bpbp=3
bpbp=3
bpbp=3
bpbp=3
bpbp=3
bpbp=4
bpbp=4
bpbp=4
bpbp=4
bpbp=4
bpbp=4
bpbp=4
bpbp=4
bpbp=4
bpbp=4
bpbp=4
bpbp=4
bpbp=4
bpbp=4
bpbp=4
bpbp=4
bpbp=4
bpbp=4
bpbp=4
bpbp=4
bpbp=4
bpbp=4
bpbp=4
bpbp=4
-------
bits0=16645
bpbp=1
bpbp=3
bpbp=2
bpbp=2
bpbp=2
bpbp=2
bpbp=2
bpbp=2
bpbp=2
bpbp=2
bpbp=2
bpbp=2
bpbp=2
bpbp=2
bpbp=2
bpbp=2
bpbp=2
bpbp=2
bpbp=2
bpbp=2
bpbp=2
bpbp=2
bpbp=2
bpbp=4
bpbp=3
bpbp=3
bpbp=3
bpbp=3
bpbp=3
bpbp=3
bpbp=3
bpbp=3
bpbp=3
bpbp=3
bpbp=3
bpbp=3
bpbp=3
bpbp=5
bpbp=4
bpbp=4
bpbp=4
bpbp=4
bpbp=4
bpbp=4
bpbp=4
bpbp=4
bpbp=4
bpbp=4
bpbp=4
bpbp=4
bpbp=4
bpbp=4
bpbp=4
bpbp=4
bpbp=4
bpbp=4
bpbp=4
bpbp=4
bpbp=4
bpbp=4
bpbp=4
bpbp=4
-------
bits0=16645
bpbp=1
bpbp=3
bpbp=2
bpbp=2
bpbp=2
bpbp=2
bpbp=2
bpbp=2
bpbp=2
bpbp=2
bpbp=2
bpbp=2
bpbp=2
bpbp=2
bpbp=2
bpbp=2
bpbp=2
bpbp=2
bpbp=2
bpbp=2
bpbp=2
bpbp=2
bpbp=2
bpbp=4
bpbp=3
bpbp=3
bpbp=3
bpbp=3
bpbp=3
bpbp=3
bpbp=3
bpbp=3
bpbp=3
bpbp=3
bpbp=3
bpbp=3
bpbp=3
bpbp=3
bpbp=3
bpbp=4
bpbp=4
bpbp=4
bpbp=4
bpbp=4
bpbp=4
bpbp=4
bpbp=4
bpbp=4
bpbp=4
bpbp=4
bpbp=4
bpbp=4
bpbp=4
bpbp=4
bpbp=4
bpbp=4
bpbp=4
bpbp=4
bpbp=4
bpbp=4
bpbp=4
bpbp=4
-------
bits0=16645
bpbp=1
bpbp=3
bpbp=2
bpbp=2
bpbp=2
bpbp=2
bpbp=2
bpbp=2
bpbp=2
bpbp=2
bpbp=2
bpbp=2
bpbp=2
bpbp=2
bpbp=2
bpbp=2
bpbp=2
bpbp=2
bpbp=2
bpbp=2
bpbp=2
bpbp=2
bpbp=2
bpbp=4
bpbp=3
bpbp=3
bpbp=3
bpbp=3
bpbp=3
bpbp=3
bpbp=3
bpbp=3
bpbp=3
bpbp=3
bpbp=3
bpbp=3
bpbp=3
bpbp=4
bpbp=4
bpbp=4
bpbp=4
bpbp=4
bpbp=4
bpbp=4
bpbp=4
bpbp=4
bpbp=4
bpbp=4
bpbp=4
bpbp=4
bpbp=4
bpbp=4
bpbp=4
bpbp=4
bpbp=4
bpbp=4
bpbp=4
bpbp=4
bpbp=4
bpbp=4
bpbp=4
bpbp=4
-------
bits0=16645
bpbp=1
bpbp=3
bpbp=2
bpbp=2
bpbp=2
bpbp=2
bpbp=2
bpbp=2
bpbp=2
bpbp=2
bpbp=2
bpbp=2
bpbp=2
bpbp=2
bpbp=2
bpbp=2
bpbp=2
bpbp=2
bpbp=2
bpbp=2
bpbp=2
bpbp=2
bpbp=2
bpbp=4
bpbp=3
bpbp=3
bpbp=3
bpbp=3
bpbp=3
bpbp=3
bpbp=3
bpbp=3
bpbp=3
bpbp=3
bpbp=3
bpbp=3
bpbp=3
bpbp=3
bpbp=3
bpbp=5
bpbp=4
bpbp=4
bpbp=4
bpbp=4
bpbp=4
bpbp=4
bpbp=4
bpbp=4
bpbp=4
bpbp=4
bpbp=4
bpbp=4
bpbp=4
bpbp=4
bpbp=4
bpbp=4
bpbp=4
bpbp=4
bpbp=4
bpbp=4
bpbp=4
bpbp=4
-------
bits0=16645
bpbp=1
bpbp=3
bpbp=2
bpbp=2
bpbp=2
bpbp=2
bpbp=2
bpbp=2
bpbp=2
bpbp=2
bpbp=2
bpbp=2
bpbp=2
bpbp=2
bpbp=2
bpbp=2
bpbp=2
bpbp=2
bpbp=2
bpbp=2
bpbp=2
bpbp=2
bpbp=2
bpbp=4
bpbp=3
bpbp=3
bpbp=3
bpbp=3
bpbp=3
bpbp=3
bpbp=3
bpbp=3
bpbp=3
bpbp=3
bpbp=3
bpbp=3
bpbp=3
bpbp=3
bpbp=3
bpbp=5
bpbp=4
bpbp=4
bpbp=4
bpbp=4
bpbp=4
bpbp=4
bpbp=4
bpbp=4
bpbp=4
bpbp=4
bpbp=4
bpbp=4
bpbp=4
bpbp=4
bpbp=4
bpbp=4
bpbp=4
bpbp=4
bpbp=4
bpbp=4
bpbp=4
bpbp=4
-------
bits0=16645
bpbp=1
bpbp=3
bpbp=2
bpbp=2
bpbp=2
bpbp=2
bpbp=2
bpbp=2
bpbp=2
bpbp=2
bpbp=2
bpbp=2
bpbp=2
bpbp=2
bpbp=2
bpbp=2
bpbp=2
bpbp=2
bpbp=2
bpbp=2
bpbp=2
bpbp=2
bpbp=2
bpbp=4
bpbp=3
bpbp=3
bpbp=3
bpbp=3
bpbp=3
bpbp=3
bpbp=3
bpbp=3
bpbp=3
bpbp=3
bpbp=3
bpbp=3
bpbp=3
bpbp=3
bpbp=3
bpbp=3
bpbp=5
bpbp=4
bpbp=4
bpbp=4
bpbp=4
bpbp=4
bpbp=4
bpbp=4
bpbp=4
bpbp=4
bpbp=4
bpbp=4
bpbp=4
bpbp=4
bpbp=4
bpbp=4
bpbp=4
bpbp=4
bpbp=4
bpbp=4
bpbp=4
bpbp=4
-------
bits0=16645
bpbp=1
bpbp=3
bpbp=2
bpbp=2
bpbp=2
bpbp=2
bpbp=2
bpbp=2
bpbp=2
bpbp=2
bpbp=2
bpbp=2
bpbp=2
bpbp=2
bpbp=2
bpbp=2
bpbp=2
bpbp=2
bpbp=2
bpbp=2
bpbp=2
bpbp=2
bpbp=2
bpbp=4
bpbp=3
bpbp=3
bpbp=3
bpbp=3
bpbp=3
bpbp=3
bpbp=3
bpbp=3
bpbp=3
bpbp=3
bpbp=3
bpbp=3
bpbp=3
bpbp=3
bpbp=3
bpbp=5
bpbp=4
bpbp=4
bpbp=4
bpbp=4
bpbp=4
bpbp=4
bpbp=4
bpbp=4
bpbp=4
bpbp=4
bpbp=4
bpbp=4
bpbp=4
bpbp=4
bpbp=4
bpbp=4
bpbp=4
bpbp=4
bpbp=4
bpbp=4
bpbp=4
bpbp=4
-------
bits0=16645
bpbp=1
bpbp=3
bpbp=2
bpbp=2
bpbp=2
bpbp=2
bpbp=2
bpbp=2
bpbp=2
bpbp=2
bpbp=2
bpbp=2
bpbp=2
bpbp=2
bpbp=2
bpbp=2
bpbp=2
bpbp=2
bpbp=2
bpbp=2
bpbp=2
bpbp=2
bpbp=2
bpbp=4
bpbp=3
bpbp=3
bpbp=3
bpbp=3
bpbp=3
bpbp=3
bpbp=3
bpbp=3
bpbp=3
bpbp=3
bpbp=3
bpbp=3
bpbp=3
bpbp=5
bpbp=4
bpbp=4
bpbp=4
bpbp=4
bpbp=4
bpbp=4
bpbp=4
bpbp=4
bpbp=4
bpbp=4
bpbp=4
bpbp=4
bpbp=4
bpbp=4
bpbp=4
bpbp=4
bpbp=4
bpbp=4
bpbp=4
bpbp=4
bpbp=4
bpbp=4
bpbp=4
bpbp=4
-------
bits0=16645
bpbp=1
bpbp=3
bpbp=2
bpbp=2
bpbp=2
bpbp=2
bpbp=2
bpbp=2
bpbp=2
bpbp=2
bpbp=2
bpbp=2
bpbp=2
bpbp=2
bpbp=2
bpbp=2
bpbp=2
bpbp=2
bpbp=2
bpbp=2
bpbp=2
bpbp=2
bpbp=2
bpbp=4
bpbp=3
bpbp=3
bpbp=3
bpbp=3
bpbp=3
bpbp=3
bpbp=3
bpbp=3
bpbp=3
bpbp=3
bpbp=3
bpbp=3
bpbp=3
bpbp=3
bpbp=3
bpbp=4
bpbp=4
bpbp=4
bpbp=4
bpbp=4
bpbp=4
bpbp=4
bpbp=4
bpbp=4
bpbp=4
bpbp=4
bpbp=4
bpbp=4
bpbp=4
bpbp=4
bpbp=4
bpbp=4
bpbp=4
bpbp=4
bpbp=4
bpbp=4
bpbp=4
bpbp=4
-------
bits0=16645
bpbp=1
bpbp=3
bpbp=2
bpbp=2
bpbp=2
bpbp=2
bpbp=2
bpbp=2
bpbp=2
bpbp=2
bpbp=2
bpbp=2
bpbp=2
bpbp=2
bpbp=2
bpbp=2
bpbp=2
bpbp=2
bpbp=2
bpbp=2
bpbp=2
bpbp=2
bpbp=2
bpbp=4
bpbp=3
bpbp=3
bpbp=3
bpbp=3
bpbp=3
bpbp=3
bpbp=3
bpbp=3
bpbp=3
bpbp=3
bpbp=3
bpbp=3
bpbp=3
bpbp=3
bpbp=3
bpbp=4
bpbp=4
bpbp=4
bpbp=4
bpbp=4
bpbp=4
bpbp=4
bpbp=4
bpbp=4
bpbp=4
bpbp=4
bpbp=4
bpbp=4
bpbp=4
bpbp=4
bpbp=4
bpbp=4
bpbp=4
bpbp=4
bpbp=4
bpbp=4
bpbp=4
bpbp=4
-------
bits0=16645
bpbp=1
bpbp=3
bpbp=2
bpbp=2
bpbp=2
bpbp=2
bpbp=2
bpbp=2
bpbp=2
bpbp=2
bpbp=2
bpbp=2
bpbp=2
bpbp=2
bpbp=2
bpbp=2
bpbp=2
bpbp=2
bpbp=2
bpbp=2
bpbp=2
bpbp=2
bpbp=2
bpbp=4
bpbp=3
bpbp=3
bpbp=3
bpbp=3
bpbp=3
bpbp=3
bpbp=3
bpbp=3
bpbp=3
bpbp=3
bpbp=3
bpbp=3
bpbp=3
bpbp=5
bpbp=4
bpbp=4
bpbp=4
bpbp=4
bpbp=4
bpbp=4
bpbp=4
bpbp=4
bpbp=4
bpbp=4
bpbp=4
bpbp=4
bpbp=4
bpbp=4
bpbp=4
bpbp=4
bpbp=4
bpbp=4
bpbp=4
bpbp=4
bpbp=4
bpbp=4
bpbp=4
bpbp=4
-------
bits0=16645
bpbp=1
bpbp=3
bpbp=2
bpbp=2
bpbp=2
bpbp=2
bpbp=2
bpbp=2
bpbp=2
bpbp=2
bpbp=2
bpbp=2
bpbp=2
bpbp=2
bpbp=2
bpbp=2
bpbp=2
bpbp=2
bpbp=2
bpbp=2
bpbp=2
bpbp=2
bpbp=2
bpbp=4
bpbp=3
bpbp=3
bpbp=3
bpbp=3
bpbp=3
bpbp=3
bpbp=3
bpbp=3
bpbp=3
bpbp=3
bpbp=3
bpbp=3
bpbp=3
bpbp=3
bpbp=5
bpbp=4
bpbp=4
bpbp=4
bpbp=4
bpbp=4
bpbp=4
bpbp=4
bpbp=4
bpbp=4
bpbp=4
bpbp=4
bpbp=4
bpbp=4
bpbp=4
bpbp=4
bpbp=4
bpbp=4
bpbp=4
bpbp=4
bpbp=4
bpbp=4
bpbp=4
bpbp=4
-------
bits0=16645
bpbp=1
bpbp=3
bpbp=2
bpbp=2
bpbp=2
bpbp=2
bpbp=2
bpbp=2
bpbp=2
bpbp=2
bpbp=2
bpbp=2
bpbp=2
bpbp=2
bpbp=2
bpbp=2
bpbp=2
bpbp=2
bpbp=2
bpbp=2
bpbp=2
bpbp=2
bpbp=2
bpbp=4
bpbp=3
bpbp=3
bpbp=3
bpbp=3
bpbp=3
bpbp=3
bpbp=3
bpbp=3
bpbp=3
bpbp=3
bpbp=3
bpbp=3
bpbp=3
bpbp=3
bpbp=3
bpbp=4
bpbp=4
bpbp=4
bpbp=4
bpbp=4
bpbp=4
bpbp=4
bpbp=4
bpbp=4
bpbp=4
bpbp=4
bpbp=4
bpbp=4
bpbp=4
bpbp=4
bpbp=4
bpbp=4
bpbp=4
bpbp=4
bpbp=4
bpbp=4
bpbp=4
bpbp=4
-------
bits0=16645
bpbp=1
bpbp=3
bpbp=2
bpbp=2
bpbp=2
bpbp=2
bpbp=2
bpbp=2
bpbp=2
bpbp=2
bpbp=2
bpbp=2
bpbp=2
bpbp=2
bpbp=2
bpbp=2
bpbp=2
bpbp=2
bpbp=2
bpbp=2
bpbp=2
bpbp=2
bpbp=2
bpbp=4
bpbp=3
bpbp=3
bpbp=3
bpbp=3
bpbp=3
bpbp=3
bpbp=3
bpbp=3
bpbp=3
bpbp=3
bpbp=3
bpbp=3
bpbp=3
bpbp=3
bpbp=4
bpbp=4
bpbp=4
bpbp=4
bpbp=4
bpbp=4
bpbp=4
bpbp=4
bpbp=4
bpbp=4
bpbp=4
bpbp=4
bpbp=4
bpbp=4
bpbp=4
bpbp=4
bpbp=4
bpbp=4
bpbp=4
bpbp=4
bpbp=4
bpbp=4
bpbp=4
bpbp=4
-------
bits0=16645
bpbp=1
bpbp=3
bpbp=2
bpbp=2
bpbp=2
bpbp=2
bpbp=2
bpbp=2
bpbp=2
bpbp=2
bpbp=2
bpbp=2
bpbp=2
bpbp=2
bpbp=2
bpbp=2
bpbp=2
bpbp=2
bpbp=2
bpbp=2
bpbp=2
bpbp=2
bpbp=2
bpbp=4
bpbp=3
bpbp=3
bpbp=3
bpbp=3
bpbp=3
bpbp=3
bpbp=3
bpbp=3
bpbp=3
bpbp=3
bpbp=3
bpbp=3
bpbp=3
bpbp=3
bpbp=3
bpbp=3
bpbp=5
bpbp=4
bpbp=4
bpbp=4
bpbp=4
bpbp=4
bpbp=4
bpbp=4
bpbp=4
bpbp=4
bpbp=4
bpbp=4
bpbp=4
bpbp=4
bpbp=4
bpbp=4
bpbp=4
bpbp=4
bpbp=4
bpbp=4
bpbp=4
bpbp=4
-------
bits0=16645
bpbp=1
bpbp=3
bpbp=2
bpbp=2
bpbp=2
bpbp=2
bpbp=2
bpbp=2
bpbp=2
bpbp=2
bpbp=2
bpbp=2
bpbp=2
bpbp=2
bpbp=2
bpbp=2
bpbp=2
bpbp=2
bpbp=2
bpbp=2
bpbp=2
bpbp=2
bpbp=2
bpbp=4
bpbp=3
bpbp=3
bpbp=3
bpbp=3
bpbp=3
bpbp=3
bpbp=3
bpbp=3
bpbp=3
bpbp=3
bpbp=3
bpbp=3
bpbp=3
bpbp=3
bpbp=5
bpbp=4
bpbp=4
bpbp=4
bpbp=4
bpbp=4
bpbp=4
bpbp=4
bpbp=4
bpbp=4
bpbp=4
bpbp=4
bpbp=4
bpbp=4
bpbp=4
bpbp=4
bpbp=4
bpbp=4
bpbp=4
bpbp=4
bpbp=4
bpbp=4
bpbp=4
bpbp=4
-------
bits0=16645
bpbp=1
bpbp=3
bpbp=2
bpbp=2
bpbp=2
bpbp=2
bpbp=2
bpbp=2
bpbp=2
bpbp=2
bpbp=2
bpbp=2
bpbp=2
bpbp=2
bpbp=2
bpbp=2
bpbp=2
bpbp=2
bpbp=2
bpbp=2
bpbp=2
bpbp=2
bpbp=2
bpbp=4
bpbp=3
bpbp=3
bpbp=3
bpbp=3
bpbp=3
bpbp=3
bpbp=3
bpbp=3
bpbp=3
bpbp=3
bpbp=3
bpbp=3
bpbp=3
bpbp=3
bpbp=3
bpbp=3
bpbp=4
bpbp=4
bpbp=4
bpbp=4
bpbp=4
bpbp=4
bpbp=4
bpbp=4
bpbp=4
bpbp=4
bpbp=4
bpbp=4
bpbp=4
bpbp=4
bpbp=4
bpbp=4
bpbp=4
bpbp=4
bpbp=4
bpbp=4
bpbp=4
bpbp=4
-------
bits0=16645
bpbp=1
bpbp=3
bpbp=2
bpbp=2
bpbp=2
bpbp=2
bpbp=2
bpbp=2
bpbp=2
bpbp=2
bpbp=2
bpbp=2
bpbp=2
bpbp=2
bpbp=2
bpbp=2
bpbp=2
bpbp=2
bpbp=2
bpbp=2
bpbp=2
bpbp=2
bpbp=2
bpbp=4
bpbp=3
bpbp=3
bpbp=3
bpbp=3
bpbp=3
bpbp=3
bpbp=3
bpbp=3
bpbp=3
bpbp=3
bpbp=3
bpbp=3
bpbp=3
bpbp=3
bpbp=5
bpbp=4
bpbp=4
bpbp=4
bpbp=4
bpbp=4
bpbp=4
bpbp=4
bpbp=4
bpbp=4
bpbp=4
bpbp=4
bpbp=4
bpbp=4
bpbp=4
bpbp=4
bpbp=4
bpbp=4
bpbp=4
bpbp=4
bpbp=4
bpbp=4
bpbp=4
bpbp=4
-------
bits0=16645
bpbp=1
bpbp=3
bpbp=2
bpbp=2
bpbp=2
bpbp=2
bpbp=2
bpbp=2
bpbp=2
bpbp=2
bpbp=2
bpbp=2
bpbp=2
bpbp=2
bpbp=2
bpbp=2
bpbp=2
bpbp=2
bpbp=2
bpbp=2
bpbp=2
bpbp=2
bpbp=2
bpbp=4
bpbp=3
bpbp=3
bpbp=3
bpbp=3
bpbp=3
bpbp=3
bpbp=3
bpbp=3
bpbp=3
bpbp=3
bpbp=3
bpbp=3
bpbp=3
bpbp=5
bpbp=4
bpbp=4
bpbp=4
bpbp=4
bpbp=4
bpbp=4
bpbp=4
bpbp=4
bpbp=4
bpbp=4
bpbp=4
bpbp=4
bpbp=4
bpbp=4
bpbp=4
bpbp=4
bpbp=4
bpbp=4
bpbp=4
bpbp=4
bpbp=4
bpbp=4
bpbp=4
bpbp=4
